2026-04-15 01:28:05,872 [INFO] Audio initialized.
2026-04-15 01:28:07,325 [INFO] Camera initialized (index=0) on attempt 1/8.
2026-04-15 01:28:07,712 [INFO] Application startup complete.
2026-04-15 01:28:07,714 [INFO] Detection CSV: harmony_log_20260415_012805.csv
2026-04-15 01:28:07,715 [INFO] Debug log: harmony_debug_20260415_012805.log
2026-04-15 01:28:07,715 [INFO] Camera index=0, reconnect_after_fails=12, reconnect_max_attempts=30
2026-04-15 01:28:07,715 [WARNING] Camera drop simulation enabled. Dropping every 40 frames.
2026-04-15 01:28:12,999 [WARNING] Frame capture failed (streak=1).
2026-04-15 01:28:13,100 [WARNING] Frame capture failed (streak=2).
2026-04-15 01:28:13,206 [WARNING] Frame capture failed (streak=3).
2026-04-15 01:28:13,303 [WARNING] Frame capture failed (streak=4).
2026-04-15 01:28:13,402 [WARNING] Frame capture failed (streak=5).
2026-04-15 01:28:13,499 [WARNING] Frame capture failed (streak=6).
2026-04-15 01:28:13,601 [WARNING] Frame capture failed (streak=7).
2026-04-15 01:28:13,702 [WARNING] Frame capture failed (streak=8).
2026-04-15 01:28:13,803 [WARNING] Frame capture failed (streak=9).
2026-04-15 01:28:13,900 [WARNING] Frame capture failed (streak=10).
2026-04-15 01:28:14,002 [WARNING] Frame capture failed (streak=11).
2026-04-15 01:28:14,103 [WARNING] Frame capture failed (streak=12).
2026-04-15 01:28:14,103 [WARNING] Frame failure threshold reached. Releasing and reconnecting camera.
2026-04-15 01:28:14,216 [WARNING] Camera is unavailable. Reconnect attempt 1/30.
2026-04-15 01:28:14,302 [INFO] Camera initialized (index=0) on attempt 1/2.
2026-04-15 01:28:14,328 [WARNING] Frame capture failed (streak=1).
2026-04-15 01:28:14,431 [WARNING] Frame capture failed (streak=2).
2026-04-15 01:28:14,535 [WARNING] Frame capture failed (streak=3).
2026-04-15 01:28:14,636 [WARNING] Frame capture failed (streak=4).
2026-04-15 01:28:14,735 [WARNING] Frame capture failed (streak=5).
2026-04-15 01:28:14,837 [WARNING] Frame capture failed (streak=6).
2026-04-15 01:28:14,936 [WARNING] Frame capture failed (streak=7).
2026-04-15 01:28:15,035 [WARNING] Frame capture failed (streak=8).
2026-04-15 01:28:15,140 [WARNING] Frame capture failed (streak=9).
2026-04-15 01:28:15,234 [WARNING] Frame capture failed (streak=10).
2026-04-15 01:28:15,334 [WARNING] Frame capture failed (streak=11).
2026-04-15 01:28:15,437 [WARNING] Frame capture failed (streak=12).
2026-04-15 01:28:15,437 [WARNING] Frame failure threshold reached. Releasing and reconnecting camera.
2026-04-15 01:28:15,539 [WARNING] Camera is unavailable. Reconnect attempt 1/30.
2026-04-15 01:28:15,632 [INFO] Camera initialized (index=0) on attempt 1/2.
2026-04-15 01:28:15,664 [WARNING] Frame capture failed (streak=1).
2026-04-15 01:28:15,768 [WARNING] Frame capture failed (streak=2).
2026-04-15 01:28:15,865 [WARNING] Frame capture failed (streak=3).
2026-04-15 01:28:15,968 [WARNING] Frame capture failed (streak=4).
2026-04-15 01:28:16,069 [WARNING] Frame capture failed (streak=5).
2026-04-15 01:28:16,166 [WARNING] Frame capture failed (streak=6).
2026-04-15 01:28:16,270 [WARNING] Frame capture failed (streak=7).
2026-04-15 01:28:16,368 [WARNING] Frame capture failed (streak=8).
2026-04-15 01:28:16,469 [WARNING] Frame capture failed (streak=9).
2026-04-15 01:28:16,567 [WARNING] Frame capture failed (streak=10).
2026-04-15 01:28:16,673 [WARNING] Frame capture failed (streak=11).
2026-04-15 01:28:16,768 [WARNING] Frame capture failed (streak=12).
2026-04-15 01:28:16,769 [WARNING] Frame failure threshold reached. Releasing and reconnecting camera.
2026-04-15 01:28:16,871 [WARNING] Camera is unavailable. Reconnect attempt 1/30.
2026-04-15 01:28:16,966 [INFO] Camera initialized (index=0) on attempt 1/2.
2026-04-15 01:28:16,995 [WARNING] Frame capture failed (streak=1).
2026-04-15 01:28:17,102 [WARNING] Frame capture failed (streak=2).
2026-04-15 01:28:17,207 [WARNING] Frame capture failed (streak=3).
2026-04-15 01:28:17,303 [WARNING] Frame capture failed (streak=4).
2026-04-15 01:28:17,401 [WARNING] Frame capture failed (streak=5).
2026-04-15 01:28:17,500 [WARNING] Frame capture failed (streak=6).
2026-04-15 01:28:17,604 [WARNING] Frame capture failed (streak=7).
2026-04-15 01:28:17,699 [WARNING] Frame capture failed (streak=8).
2026-04-15 01:28:17,803 [WARNING] Frame capture failed (streak=9).
2026-04-15 01:28:17,903 [WARNING] Frame capture failed (streak=10).
2026-04-15 01:28:18,006 [WARNING] Frame capture failed (streak=11).
2026-04-15 01:28:18,101 [WARNING] Frame capture failed (streak=12).
2026-04-15 01:28:18,102 [WARNING] Frame failure threshold reached. Releasing and reconnecting camera.
2026-04-15 01:28:18,204 [WARNING] Camera is unavailable. Reconnect attempt 1/30.
2026-04-15 01:28:18,273 [INFO] Camera initialized (index=0) on attempt 1/2.
2026-04-15 01:28:18,297 [WARNING] Frame capture failed (streak=1).
2026-04-15 01:28:18,432 [WARNING] Frame capture failed (streak=2).
2026-04-15 01:28:18,569 [WARNING] Frame capture failed (streak=3).
2026-04-15 01:28:18,700 [WARNING] Frame capture failed (streak=4).
2026-04-15 01:28:18,799 [WARNING] Frame capture failed (streak=5).
2026-04-15 01:28:18,897 [WARNING] Frame capture failed (streak=6).
2026-04-15 01:28:18,999 [WARNING] Frame capture failed (streak=7).
2026-04-15 01:28:19,097 [WARNING] Frame capture failed (streak=8).
2026-04-15 01:28:19,199 [WARNING] Frame capture failed (streak=9).
2026-04-15 01:28:19,299 [WARNING] Frame capture failed (streak=10).
2026-04-15 01:28:19,397 [WARNING] Frame capture failed (streak=11).
2026-04-15 01:28:19,498 [WARNING] Frame capture failed (streak=12).
2026-04-15 01:28:19,498 [WARNING] Frame failure threshold reached. Releasing and reconnecting camera.
2026-04-15 01:28:19,596 [WARNING] Camera is unavailable. Reconnect attempt 1/30.
2026-04-15 01:28:19,669 [INFO] Camera initialized (index=0) on attempt 1/2.
2026-04-15 01:28:19,695 [WARNING] Frame capture failed (streak=1).
2026-04-15 01:28:19,797 [WARNING] Frame capture failed (streak=2).
2026-04-15 01:28:19,898 [WARNING] Frame capture failed (streak=3).
2026-04-15 01:28:20,003 [WARNING] Frame capture failed (streak=4).
2026-04-15 01:28:20,107 [WARNING] Frame capture failed (streak=5).
2026-04-15 01:28:20,206 [WARNING] Frame capture failed (streak=6).
2026-04-15 01:28:20,307 [WARNING] Frame capture failed (streak=7).
2026-04-15 01:28:20,440 [WARNING] Frame capture failed (streak=8).
2026-04-15 01:28:20,537 [WARNING] Frame capture failed (streak=9).
2026-04-15 01:28:20,636 [WARNING] Frame capture failed (streak=10).
2026-04-15 01:28:20,734 [WARNING] Frame capture failed (streak=11).
2026-04-15 01:28:20,836 [WARNING] Frame capture failed (streak=12).
2026-04-15 01:28:20,836 [WARNING] Frame failure threshold reached. Releasing and reconnecting camera.
2026-04-15 01:28:20,940 [WARNING] Camera is unavailable. Reconnect attempt 1/30.
2026-04-15 01:28:21,007 [INFO] Camera initialized (index=0) on attempt 1/2.
2026-04-15 01:28:21,032 [WARNING] Frame capture failed (streak=1).
2026-04-15 01:28:21,129 [WARNING] Frame capture failed (streak=2).
2026-04-15 01:28:21,233 [WARNING] Frame capture failed (streak=3).
2026-04-15 01:28:21,336 [WARNING] Frame capture failed (streak=4).
2026-04-15 01:28:21,436 [WARNING] Frame capture failed (streak=5).
2026-04-15 01:28:21,539 [WARNING] Frame capture failed (streak=6).
2026-04-15 01:28:21,635 [WARNING] Frame capture failed (streak=7).
2026-04-15 01:28:21,737 [WARNING] Frame capture failed (streak=8).
2026-04-15 01:28:21,832 [WARNING] Frame capture failed (streak=9).
2026-04-15 01:28:21,935 [WARNING] Frame capture failed (streak=10).
2026-04-15 01:28:22,035 [WARNING] Frame capture failed (streak=11).
2026-04-15 01:28:22,135 [WARNING] Frame capture failed (streak=12).
2026-04-15 01:28:22,135 [WARNING] Frame failure threshold reached. Releasing and reconnecting camera.
2026-04-15 01:28:22,236 [WARNING] Camera is unavailable. Reconnect attempt 1/30.
2026-04-15 01:28:22,302 [INFO] Camera initialized (index=0) on attempt 1/2.
2026-04-15 01:28:22,328 [WARNING] Frame capture failed (streak=1).
2026-04-15 01:28:22,431 [WARNING] Frame capture failed (streak=2).
2026-04-15 01:28:22,535 [WARNING] Frame capture failed (streak=3).
2026-04-15 01:28:22,634 [WARNING] Frame capture failed (streak=4).
2026-04-15 01:28:22,739 [WARNING] Frame capture failed (streak=5).
2026-04-15 01:28:22,838 [WARNING] Frame capture failed (streak=6).
2026-04-15 01:28:22,933 [WARNING] Frame capture failed (streak=7).
2026-04-15 01:28:23,035 [WARNING] Frame capture failed (streak=8).
2026-04-15 01:28:23,133 [WARNING] Frame capture failed (streak=9).
2026-04-15 01:28:23,235 [WARNING] Frame capture failed (streak=10).
2026-04-15 01:28:23,336 [WARNING] Frame capture failed (streak=11).
2026-04-15 01:28:23,434 [WARNING] Frame capture failed (streak=12).
2026-04-15 01:28:23,435 [WARNING] Frame failure threshold reached. Releasing and reconnecting camera.
2026-04-15 01:28:23,536 [WARNING] Camera is unavailable. Reconnect attempt 1/30.
2026-04-15 01:28:23,601 [INFO] Camera initialized (index=0) on attempt 1/2.
2026-04-15 01:28:23,628 [WARNING] Frame capture failed (streak=1).
2026-04-15 01:28:23,730 [WARNING] Frame capture failed (streak=2).
2026-04-15 01:28:23,838 [WARNING] Frame capture failed (streak=3).
2026-04-15 01:28:23,938 [WARNING] Frame capture failed (streak=4).
2026-04-15 01:28:24,037 [WARNING] Frame capture failed (streak=5).
2026-04-15 01:28:24,137 [WARNING] Frame capture failed (streak=6).
2026-04-15 01:28:24,237 [WARNING] Frame capture failed (streak=7).
2026-04-15 01:28:24,335 [WARNING] Frame capture failed (streak=8).
2026-04-15 01:28:24,432 [WARNING] Frame capture failed (streak=9).
2026-04-15 01:28:24,533 [WARNING] Frame capture failed (streak=10).
2026-04-15 01:28:24,633 [WARNING] Frame capture failed (streak=11).
2026-04-15 01:28:24,733 [WARNING] Frame capture failed (streak=12).
2026-04-15 01:28:24,733 [WARNING] Frame failure threshold reached. Releasing and reconnecting camera.
2026-04-15 01:28:24,829 [WARNING] Camera is unavailable. Reconnect attempt 1/30.
2026-04-15 01:28:24,870 [INFO] Camera initialized (index=0) on attempt 1/2.
2026-04-15 01:28:24,896 [WARNING] Frame capture failed (streak=1).
2026-04-15 01:28:24,996 [WARNING] Frame capture failed (streak=2).
2026-04-15 01:28:25,099 [WARNING] Frame capture failed (streak=3).
2026-04-15 01:28:25,198 [WARNING] Frame capture failed (streak=4).
2026-04-15 01:28:25,299 [WARNING] Frame capture failed (streak=5).
2026-04-15 01:28:25,401 [WARNING] Frame capture failed (streak=6).
2026-04-15 01:28:25,506 [WARNING] Frame capture failed (streak=7).
2026-04-15 01:28:25,632 [WARNING] Frame capture failed (streak=8).
2026-04-15 01:28:25,736 [WARNING] Frame capture failed (streak=9).
2026-04-15 01:28:25,835 [WARNING] Frame capture failed (streak=10).
2026-04-15 01:28:25,938 [WARNING] Frame capture failed (streak=11).
2026-04-15 01:28:26,034 [WARNING] Frame capture failed (streak=12).
2026-04-15 01:28:26,034 [WARNING] Frame failure threshold reached. Releasing and reconnecting camera.
2026-04-15 01:28:26,136 [WARNING] Camera is unavailable. Reconnect attempt 1/30.
2026-04-15 01:28:26,202 [INFO] Camera initialized (index=0) on attempt 1/2.
2026-04-15 01:28:26,231 [WARNING] Frame capture failed (streak=1).
2026-04-15 01:28:26,330 [WARNING] Frame capture failed (streak=2).
2026-04-15 01:28:26,435 [WARNING] Frame capture failed (streak=3).
2026-04-15 01:28:26,538 [WARNING] Frame capture failed (streak=4).
2026-04-15 01:28:26,638 [WARNING] Frame capture failed (streak=5).
2026-04-15 01:28:26,735 [WARNING] Frame capture failed (streak=6).
2026-04-15 01:28:26,837 [WARNING] Frame capture failed (streak=7).
2026-04-15 01:28:26,935 [WARNING] Frame capture failed (streak=8).
2026-04-15 01:28:27,037 [WARNING] Frame capture failed (streak=9).
2026-04-15 01:28:27,135 [WARNING] Frame capture failed (streak=10).
2026-04-15 01:28:27,235 [WARNING] Frame capture failed (streak=11).
2026-04-15 01:28:27,336 [WARNING] Frame capture failed (streak=12).
2026-04-15 01:28:27,337 [WARNING] Frame failure threshold reached. Releasing and reconnecting camera.
2026-04-15 01:28:27,438 [WARNING] Camera is unavailable. Reconnect attempt 1/30.
2026-04-15 01:28:27,532 [INFO] Camera initialized (index=0) on attempt 1/2.
2026-04-15 01:28:27,563 [WARNING] Frame capture failed (streak=1).
2026-04-15 01:28:27,668 [WARNING] Frame capture failed (streak=2).
2026-04-15 01:28:27,768 [WARNING] Frame capture failed (streak=3).
2026-04-15 01:28:27,872 [WARNING] Frame capture failed (streak=4).
2026-04-15 01:28:27,968 [WARNING] Frame capture failed (streak=5).
2026-04-15 01:28:28,073 [WARNING] Frame capture failed (streak=6).
2026-04-15 01:28:28,170 [WARNING] Frame capture failed (streak=7).
2026-04-15 01:28:28,273 [WARNING] Frame capture failed (streak=8).
2026-04-15 01:28:28,368 [WARNING] Frame capture failed (streak=9).
2026-04-15 01:28:28,471 [WARNING] Frame capture failed (streak=10).
2026-04-15 01:28:28,571 [WARNING] Frame capture failed (streak=11).
2026-04-15 01:28:28,671 [WARNING] Frame capture failed (streak=12).
2026-04-15 01:28:28,672 [WARNING] Frame failure threshold reached. Releasing and reconnecting camera.
2026-04-15 01:28:28,774 [WARNING] Camera is unavailable. Reconnect attempt 1/30.
2026-04-15 01:28:28,836 [INFO] Camera initialized (index=0) on attempt 1/2.
2026-04-15 01:28:28,868 [WARNING] Frame capture failed (streak=1).
2026-04-15 01:28:28,971 [WARNING] Frame capture failed (streak=2).
2026-04-15 01:28:29,071 [WARNING] Frame capture failed (streak=3).
2026-04-15 01:28:29,173 [WARNING] Frame capture failed (streak=4).
2026-04-15 01:28:29,268 [WARNING] Frame capture failed (streak=5).
2026-04-15 01:28:29,369 [WARNING] Frame capture failed (streak=6).
2026-04-15 01:28:29,471 [WARNING] Frame capture failed (streak=7).
2026-04-15 01:28:29,568 [WARNING] Frame capture failed (streak=8).
2026-04-15 01:28:29,662 [WARNING] Frame capture failed (streak=9).
2026-04-15 01:28:29,762 [WARNING] Frame capture failed (streak=10).
2026-04-15 01:28:29,862 [WARNING] Frame capture failed (streak=11).
2026-04-15 01:28:29,966 [WARNING] Frame capture failed (streak=12).
2026-04-15 01:28:29,966 [WARNING] Frame failure threshold reached. Releasing and reconnecting camera.
2026-04-15 01:28:30,069 [WARNING] Camera is unavailable. Reconnect attempt 1/30.
2026-04-15 01:28:30,165 [INFO] Camera initialized (index=0) on attempt 1/2.
2026-04-15 01:28:30,198 [WARNING] Frame capture failed (streak=1).
2026-04-15 01:28:30,300 [WARNING] Frame capture failed (streak=2).
2026-04-15 01:28:30,398 [WARNING] Frame capture failed (streak=3).
2026-04-15 01:28:30,498 [WARNING] Frame capture failed (streak=4).
2026-04-15 01:28:30,598 [WARNING] Frame capture failed (streak=5).
2026-04-15 01:28:30,698 [WARNING] Frame capture failed (streak=6).
2026-04-15 01:28:30,798 [WARNING] Frame capture failed (streak=7).
2026-04-15 01:28:30,899 [WARNING] Frame capture failed (streak=8).
2026-04-15 01:28:30,999 [WARNING] Frame capture failed (streak=9).
2026-04-15 01:28:31,098 [WARNING] Frame capture failed (streak=10).
2026-04-15 01:28:31,197 [WARNING] Frame capture failed (streak=11).
2026-04-15 01:28:31,296 [WARNING] Frame capture failed (streak=12).
2026-04-15 01:28:31,297 [WARNING] Frame failure threshold reached. Releasing and reconnecting camera.
2026-04-15 01:28:31,396 [WARNING] Camera is unavailable. Reconnect attempt 1/30.
2026-04-15 01:28:31,464 [INFO] Camera initialized (index=0) on attempt 1/2.
2026-04-15 01:28:31,497 [WARNING] Frame capture failed (streak=1).
2026-04-15 01:28:31,597 [WARNING] Frame capture failed (streak=2).
2026-04-15 01:28:31,699 [WARNING] Frame capture failed (streak=3).
2026-04-15 01:28:31,798 [WARNING] Frame capture failed (streak=4).
2026-04-15 01:28:31,898 [WARNING] Frame capture failed (streak=5).
2026-04-15 01:28:31,998 [WARNING] Frame capture failed (streak=6).
2026-04-15 01:28:32,100 [WARNING] Frame capture failed (streak=7).
2026-04-15 01:28:32,198 [WARNING] Frame capture failed (streak=8).
2026-04-15 01:28:32,299 [WARNING] Frame capture failed (streak=9).
2026-04-15 01:28:32,399 [WARNING] Frame capture failed (streak=10).
2026-04-15 01:28:32,498 [WARNING] Frame capture failed (streak=11).
2026-04-15 01:28:32,599 [WARNING] Frame capture failed (streak=12).
2026-04-15 01:28:32,599 [WARNING] Frame failure threshold reached. Releasing and reconnecting camera.
2026-04-15 01:28:32,702 [WARNING] Camera is unavailable. Reconnect attempt 1/30.
2026-04-15 01:28:32,764 [INFO] Camera initialized (index=0) on attempt 1/2.
2026-04-15 01:28:32,798 [WARNING] Frame capture failed (streak=1).
2026-04-15 01:28:32,898 [WARNING] Frame capture failed (streak=2).
2026-04-15 01:28:32,999 [WARNING] Frame capture failed (streak=3).
2026-04-15 01:28:33,099 [WARNING] Frame capture failed (streak=4).
2026-04-15 01:28:33,197 [WARNING] Frame capture failed (streak=5).
2026-04-15 01:28:33,297 [WARNING] Frame capture failed (streak=6).
2026-04-15 01:28:33,400 [WARNING] Frame capture failed (streak=7).
2026-04-15 01:28:33,501 [WARNING] Frame capture failed (streak=8).
2026-04-15 01:28:33,602 [WARNING] Frame capture failed (streak=9).
2026-04-15 01:28:33,699 [WARNING] Frame capture failed (streak=10).
2026-04-15 01:28:33,798 [WARNING] Frame capture failed (streak=11).
2026-04-15 01:28:33,897 [WARNING] Frame capture failed (streak=12).
2026-04-15 01:28:33,897 [WARNING] Frame failure threshold reached. Releasing and reconnecting camera.
2026-04-15 01:28:33,996 [WARNING] Camera is unavailable. Reconnect attempt 1/30.
2026-04-15 01:28:34,098 [INFO] Camera initialized (index=0) on attempt 1/2.
2026-04-15 01:28:34,123 [WARNING] Frame capture failed (streak=1).
2026-04-15 01:28:34,226 [WARNING] Frame capture failed (streak=2).
2026-04-15 01:28:34,327 [WARNING] Frame capture failed (streak=3).
2026-04-15 01:28:34,427 [WARNING] Frame capture failed (streak=4).
2026-04-15 01:28:34,528 [WARNING] Frame capture failed (streak=5).
2026-04-15 01:28:34,625 [WARNING] Frame capture failed (streak=6).
2026-04-15 01:28:34,727 [WARNING] Frame capture failed (streak=7).
2026-04-15 01:28:34,828 [WARNING] Frame capture failed (streak=8).
2026-04-15 01:28:34,929 [WARNING] Frame capture failed (streak=9).
2026-04-15 01:28:35,027 [WARNING] Frame capture failed (streak=10).
2026-04-15 01:28:35,125 [WARNING] Frame capture failed (streak=11).
2026-04-15 01:28:35,229 [WARNING] Frame capture failed (streak=12).
2026-04-15 01:28:35,230 [WARNING] Frame failure threshold reached. Releasing and reconnecting camera.
2026-04-15 01:28:35,336 [WARNING] Camera is unavailable. Reconnect attempt 1/30.
2026-04-15 01:28:35,427 [INFO] Camera initialized (index=0) on attempt 1/2.
2026-04-15 01:28:35,460 [WARNING] Frame capture failed (streak=1).
2026-04-15 01:28:35,559 [WARNING] Frame capture failed (streak=2).
2026-04-15 01:28:35,663 [WARNING] Frame capture failed (streak=3).
2026-04-15 01:28:35,759 [WARNING] Frame capture failed (streak=4).
2026-04-15 01:28:35,859 [WARNING] Frame capture failed (streak=5).
2026-04-15 01:28:35,958 [WARNING] Frame capture failed (streak=6).
2026-04-15 01:28:36,057 [WARNING] Frame capture failed (streak=7).
2026-04-15 01:28:36,158 [WARNING] Frame capture failed (streak=8).
2026-04-15 01:28:36,258 [WARNING] Frame capture failed (streak=9).
2026-04-15 01:28:36,360 [WARNING] Frame capture failed (streak=10).
2026-04-15 01:28:36,469 [WARNING] Frame capture failed (streak=11).
2026-04-15 01:28:36,595 [WARNING] Frame capture failed (streak=12).
2026-04-15 01:28:36,595 [WARNING] Frame failure threshold reached. Releasing and reconnecting camera.
2026-04-15 01:28:36,699 [WARNING] Camera is unavailable. Reconnect attempt 1/30.
2026-04-15 01:28:36,795 [INFO] Camera initialized (index=0) on attempt 1/2.
2026-04-15 01:28:36,827 [WARNING] Frame capture failed (streak=1).
2026-04-15 01:28:36,925 [WARNING] Frame capture failed (streak=2).
2026-04-15 01:28:37,025 [WARNING] Frame capture failed (streak=3).
2026-04-15 01:28:37,128 [WARNING] Frame capture failed (streak=4).
2026-04-15 01:28:37,225 [WARNING] Frame capture failed (streak=5).
2026-04-15 01:28:37,324 [WARNING] Frame capture failed (streak=6).
2026-04-15 01:28:37,425 [WARNING] Frame capture failed (streak=7).
2026-04-15 01:28:37,525 [WARNING] Frame capture failed (streak=8).
2026-04-15 01:28:37,625 [WARNING] Frame capture failed (streak=9).
2026-04-15 01:28:37,727 [WARNING] Frame capture failed (streak=10).
2026-04-15 01:28:37,831 [WARNING] Frame capture failed (streak=11).
2026-04-15 01:28:37,929 [WARNING] Frame capture failed (streak=12).
2026-04-15 01:28:37,929 [WARNING] Frame failure threshold reached. Releasing and reconnecting camera.
2026-04-15 01:28:38,028 [WARNING] Camera is unavailable. Reconnect attempt 1/30.
2026-04-15 01:28:38,093 [INFO] Camera initialized (index=0) on attempt 1/2.
2026-04-15 01:28:38,126 [WARNING] Frame capture failed (streak=1).
2026-04-15 01:28:38,225 [WARNING] Frame capture failed (streak=2).
2026-04-15 01:28:38,327 [WARNING] Frame capture failed (streak=3).
2026-04-15 01:28:38,426 [WARNING] Frame capture failed (streak=4).
2026-04-15 01:28:38,528 [WARNING] Frame capture failed (streak=5).
2026-04-15 01:28:38,630 [WARNING] Frame capture failed (streak=6).
2026-04-15 01:28:38,730 [WARNING] Frame capture failed (streak=7).
2026-04-15 01:28:38,833 [WARNING] Frame capture failed (streak=8).
2026-04-15 01:28:38,961 [WARNING] Frame capture failed (streak=9).
2026-04-15 01:28:39,064 [WARNING] Frame capture failed (streak=10).
2026-04-15 01:28:39,160 [WARNING] Frame capture failed (streak=11).
2026-04-15 01:28:39,267 [WARNING] Frame capture failed (streak=12).
2026-04-15 01:28:39,268 [WARNING] Frame failure threshold reached. Releasing and reconnecting camera.
2026-04-15 01:28:39,368 [WARNING] Camera is unavailable. Reconnect attempt 1/30.
2026-04-15 01:28:39,458 [INFO] Camera initialized (index=0) on attempt 1/2.
2026-04-15 01:28:39,490 [WARNING] Frame capture failed (streak=1).
2026-04-15 01:28:39,591 [WARNING] Frame capture failed (streak=2).
2026-04-15 01:28:39,696 [WARNING] Frame capture failed (streak=3).
2026-04-15 01:28:39,797 [WARNING] Frame capture failed (streak=4).
2026-04-15 01:28:39,895 [WARNING] Frame capture failed (streak=5).
2026-04-15 01:28:39,994 [WARNING] Frame capture failed (streak=6).
2026-04-15 01:28:40,092 [WARNING] Frame capture failed (streak=7).
2026-04-15 01:28:40,194 [WARNING] Frame capture failed (streak=8).
2026-04-15 01:28:40,292 [WARNING] Frame capture failed (streak=9).
2026-04-15 01:28:40,390 [WARNING] Frame capture failed (streak=10).
2026-04-15 01:28:40,492 [WARNING] Frame capture failed (streak=11).
2026-04-15 01:28:40,595 [WARNING] Frame capture failed (streak=12).
2026-04-15 01:28:40,596 [WARNING] Frame failure threshold reached. Releasing and reconnecting camera.
2026-04-15 01:28:40,697 [WARNING] Camera is unavailable. Reconnect attempt 1/30.
2026-04-15 01:28:40,761 [INFO] Camera initialized (index=0) on attempt 1/2.
2026-04-15 01:28:40,790 [WARNING] Frame capture failed (streak=1).
2026-04-15 01:28:40,887 [WARNING] Frame capture failed (streak=2).
2026-04-15 01:28:40,992 [WARNING] Frame capture failed (streak=3).
2026-04-15 01:28:41,098 [WARNING] Frame capture failed (streak=4).
2026-04-15 01:28:41,193 [WARNING] Frame capture failed (streak=5).
2026-04-15 01:28:41,290 [WARNING] Frame capture failed (streak=6).
2026-04-15 01:28:41,394 [WARNING] Frame capture failed (streak=7).
2026-04-15 01:28:41,500 [WARNING] Frame capture failed (streak=8).
2026-04-15 01:28:41,596 [WARNING] Frame capture failed (streak=9).
2026-04-15 01:28:41,693 [WARNING] Frame capture failed (streak=10).
2026-04-15 01:28:41,791 [WARNING] Frame capture failed (streak=11).
2026-04-15 01:28:41,896 [WARNING] Frame capture failed (streak=12).
2026-04-15 01:28:41,896 [WARNING] Frame failure threshold reached. Releasing and reconnecting camera.
2026-04-15 01:28:41,996 [WARNING] Camera is unavailable. Reconnect attempt 1/30.
2026-04-15 01:28:42,061 [INFO] Camera initialized (index=0) on attempt 1/2.
2026-04-15 01:28:42,088 [WARNING] Frame capture failed (streak=1).
2026-04-15 01:28:42,194 [WARNING] Frame capture failed (streak=2).
2026-04-15 01:28:42,292 [WARNING] Frame capture failed (streak=3).
2026-04-15 01:28:42,394 [WARNING] Frame capture failed (streak=4).
2026-04-15 01:28:42,498 [WARNING] Frame capture failed (streak=5).
2026-04-15 01:28:42,627 [WARNING] Frame capture failed (streak=6).
2026-04-15 01:28:42,731 [WARNING] Frame capture failed (streak=7).
2026-04-15 01:28:42,832 [WARNING] Frame capture failed (streak=8).
2026-04-15 01:28:42,931 [WARNING] Frame capture failed (streak=9).
2026-04-15 01:28:43,029 [WARNING] Frame capture failed (streak=10).
2026-04-15 01:28:43,127 [WARNING] Frame capture failed (streak=11).
2026-04-15 01:28:43,172 [INFO] KeyboardInterrupt received. Exiting cleanly.
